20:33:21 **** Incremental Build of configuration Debug for project Dancing Hamada(LEDMTRX & DAC) ****
make all 
Building file: ../src/RTOS_program.c
Invoking: Cross ARM GNU C Compiler
arm-none-eabi-gcc -mcpu=cortex-m3 -mthumb -Og -fmessage-length=0 -fsigned-char -ffunction-sections -fdata-sections -ffreestanding -fno-move-loop-invariants -Wall -Wextra  -g3 -DDEBUG -DUSE_FULL_ASSERT -DTRACE -DOS_USE_TRACE_SEMIHOSTING_DEBUG -DSTM32F10X_MD -DUSE_STDPERIPH_DRIVER -DHSE_VALUE=8000000 -I"../include" -I"../system/include" -I"../system/include/cmsis" -I"../system/include/stm32f1-stdperiph" -std=gnu11 -MMD -MP -MF"src/RTOS_program.d" -MT"src/RTOS_program.o" -c -o "src/RTOS_program.o" "../src/RTOS_program.c"
../src/RTOS_program.c:15:14: warning: initialization makes integer from pointer without a cast [-Wint-conversion]
 #define NULL (void*)0
              ^
../src/RTOS_program.c:17:42: note: in expansion of macro 'NULL'
 static Task TaskData[NUMBER_OF_TASKS] = {NULL};
                                          ^~~~
../src/RTOS_program.c:15:14: note: (near initialization for 'TaskData[0].Periodicity')
 #define NULL (void*)0
              ^
../src/RTOS_program.c:17:42: note: in expansion of macro 'NULL'
 static Task TaskData[NUMBER_OF_TASKS] = {NULL};
                                          ^~~~
Finished building: ../src/RTOS_program.c
 
Building target: Dancing Hamada(LEDMTRX & DAC).elf
Invoking: Cross ARM GNU C++ Linker
arm-none-eabi-g++ -mcpu=cortex-m3 -mthumb -Og -fmessage-length=0 -fsigned-char -ffunction-sections -fdata-sections -ffreestanding -fno-move-loop-invariants -Wall -Wextra  -g3 -T mem.ld -T libs.ld -T sections.ld -nostartfiles -Xlinker --gc-sections -L"../ldscripts" -Wl,-Map,"Dancing Hamada(LEDMTRX & DAC).map" --specs=nano.specs -o "Dancing Hamada(LEDMTRX & DAC).elf"  ./system/src/stm32f1-stdperiph/misc.o ./system/src/stm32f1-stdperiph/stm32f10x_gpio.o ./system/src/stm32f1-stdperiph/stm32f10x_rcc.o  ./system/src/newlib/_cxx.o ./system/src/newlib/_exit.o ./system/src/newlib/_sbrk.o ./system/src/newlib/_startup.o ./system/src/newlib/_syscalls.o ./system/src/newlib/assert.o  ./system/src/diag/Trace.o ./system/src/diag/trace_impl.o  ./system/src/cortexm/_initialize_hardware.o ./system/src/cortexm/_reset_hardware.o ./system/src/cortexm/exception_handlers.o  ./system/src/cmsis/system_stm32f10x.o ./system/src/cmsis/vectors_stm32f10x.o  ./src/DAC_program.o ./src/GPIO_program.o ./src/LEDMTRX_program.o ./src/RCC_program.o ./src/RTOS_program.o ./src/SYSTICK_program.o ./src/main.o   
Finished building target: Dancing Hamada(LEDMTRX & DAC).elf
 
Invoking: Cross ARM GNU Create Flash Image
arm-none-eabi-objcopy -O ihex "Dancing Hamada(LEDMTRX & DAC).elf"  "Dancing Hamada(LEDMTRX & DAC).hex"
Finished building: Dancing Hamada(LEDMTRX & DAC).hex
 
Invoking: Cross ARM GNU Print Size
arm-none-eabi-size --format=berkeley "Dancing Hamada(LEDMTRX & DAC).elf"
   text	   data	    bss	    dec	    hex	filename
  41087	    200	    472	  41759	   a31f	Dancing Hamada(LEDMTRX & DAC).elf
Finished building: Dancing Hamada(LEDMTRX & DAC).siz
 

20:33:22 Build Finished (took 1s.796ms)

