22:46:40 **** Incremental Build of configuration Debug for project IR&DAC ****
make all 
Building file: ../src/DAC_program.c
Invoking: Cross ARM GNU C Compiler
arm-none-eabi-gcc -mcpu=cortex-m3 -mthumb -Og -fmessage-length=0 -fsigned-char -ffunction-sections -fdata-sections -ffreestanding -fno-move-loop-invariants -Wall -Wextra  -g3 -DDEBUG -DUSE_FULL_ASSERT -DTRACE -DOS_USE_TRACE_SEMIHOSTING_DEBUG -DSTM32F10X_MD -DUSE_STDPERIPH_DRIVER -DHSE_VALUE=8000000 -I"../include" -I"../system/include" -I"../system/include/cmsis" -I"../system/include/stm32f1-stdperiph" -std=gnu11 -MMD -MP -MF"src/DAC_program.d" -MT"src/DAC_program.o" -c -o "src/DAC_program.o" "../src/DAC_program.c"
Finished building: ../src/DAC_program.c
 
Building target: IR&DAC.elf
Invoking: Cross ARM GNU C++ Linker
arm-none-eabi-g++ -mcpu=cortex-m3 -mthumb -Og -fmessage-length=0 -fsigned-char -ffunction-sections -fdata-sections -ffreestanding -fno-move-loop-invariants -Wall -Wextra  -g3 -T mem.ld -T libs.ld -T sections.ld -nostartfiles -Xlinker --gc-sections -L"../ldscripts" -Wl,-Map,"IR&DAC.map" --specs=nano.specs -o "IR&DAC.elf"  ./system/src/stm32f1-stdperiph/misc.o ./system/src/stm32f1-stdperiph/stm32f10x_gpio.o ./system/src/stm32f1-stdperiph/stm32f10x_rcc.o  ./system/src/newlib/_cxx.o ./system/src/newlib/_exit.o ./system/src/newlib/_sbrk.o ./system/src/newlib/_startup.o ./system/src/newlib/_syscalls.o ./system/src/newlib/assert.o  ./system/src/diag/Trace.o ./system/src/diag/trace_impl.o  ./system/src/cortexm/_initialize_hardware.o ./system/src/cortexm/_reset_hardware.o ./system/src/cortexm/exception_handlers.o  ./system/src/cmsis/system_stm32f10x.o ./system/src/cmsis/vectors_stm32f10x.o  ./src/AFIO_program.o ./src/DAC_program.o ./src/EXTI_program.o ./src/GPIO_program.o ./src/IR_program.o ./src/NVIC_program.o ./src/RCC_program.o ./src/SYSTICK_program.o ./src/main.o   
Finished building target: IR&DAC.elf
 
Invoking: Cross ARM GNU Create Flash Image
arm-none-eabi-objcopy -O ihex "IR&DAC.elf"  "IR&DAC.hex"
Finished building: IR&DAC.hex
 
Invoking: Cross ARM GNU Print Size
arm-none-eabi-size --format=berkeley "IR&DAC.elf"
   text	   data	    bss	    dec	    hex	filename
  26040	    176	    632	  26848	   68e0	IR&DAC.elf
Finished building: IR&DAC.siz
 

22:46:42 Build Finished (took 1s.803ms)

