16:07:20 **** Incremental Build of configuration Debug for project ROBOT_CAR ****
make all 
Building file: ../src/main.c
Invoking: Cross ARM GNU C Compiler
arm-none-eabi-gcc -mcpu=cortex-m3 -mthumb -Og -fmessage-length=0 -fsigned-char -ffunction-sections -fdata-sections -ffreestanding -fno-move-loop-invariants -Wall -Wextra  -g3 -DDEBUG -DUSE_FULL_ASSERT -DTRACE -DOS_USE_TRACE_SEMIHOSTING_DEBUG -DSTM32F10X_MD -DUSE_STDPERIPH_DRIVER -DHSE_VALUE=8000000 -I"../include" -I"../system/include" -I"../system/include/cmsis" -I"../system/include/stm32f1-stdperiph" -std=gnu11 -MMD -MP -MF"src/main.d" -MT"src/main.o" -c -o "src/main.o" "../src/main.c"
Finished building: ../src/main.c
 
Building target: ROBOT_CAR.elf
Invoking: Cross ARM GNU C++ Linker
arm-none-eabi-g++ -mcpu=cortex-m3 -mthumb -Og -fmessage-length=0 -fsigned-char -ffunction-sections -fdata-sections -ffreestanding -fno-move-loop-invariants -Wall -Wextra  -g3 -T mem.ld -T libs.ld -T sections.ld -nostartfiles -Xlinker --gc-sections -L"../ldscripts" -Wl,-Map,"ROBOT_CAR.map" --specs=nano.specs -o "ROBOT_CAR.elf"  ./system/src/stm32f1-stdperiph/misc.o ./system/src/stm32f1-stdperiph/stm32f10x_gpio.o ./system/src/stm32f1-stdperiph/stm32f10x_rcc.o  ./system/src/newlib/_cxx.o ./system/src/newlib/_exit.o ./system/src/newlib/_sbrk.o ./system/src/newlib/_startup.o ./system/src/newlib/_syscalls.o ./system/src/newlib/assert.o  ./system/src/diag/Trace.o ./system/src/diag/trace_impl.o  ./system/src/cortexm/_initialize_hardware.o ./system/src/cortexm/_reset_hardware.o ./system/src/cortexm/exception_handlers.o  ./system/src/cmsis/system_stm32f10x.o ./system/src/cmsis/vectors_stm32f10x.o  ./src/ESP_program.o ./src/GPIO_program.o ./src/NVIC_program.o ./src/RCC_program.o ./src/SYSTICK_program.o ./src/Timer2_program.o ./src/USART1_program.o ./src/Ultrasonic_program.o ./src/main.o   
Finished building target: ROBOT_CAR.elf
 
Invoking: Cross ARM GNU Create Flash Image
arm-none-eabi-objcopy -O ihex "ROBOT_CAR.elf"  "ROBOT_CAR.hex"
Finished building: ROBOT_CAR.hex
 
Invoking: Cross ARM GNU Print Size
arm-none-eabi-size --format=berkeley "ROBOT_CAR.elf"
   text	   data	    bss	    dec	    hex	filename
  10435	    180	    644	  11259	   2bfb	ROBOT_CAR.elf
Finished building: ROBOT_CAR.siz
 

16:07:21 Build Finished (took 1s.680ms)

