15:19:26 **** Incremental Build of configuration Debug for project USART1_Test ****
make all 
Building file: ../src/USART1_program.c
Invoking: Cross ARM GNU C Compiler
arm-none-eabi-gcc -mcpu=cortex-m3 -mthumb -Og -fmessage-length=0 -fsigned-char -ffunction-sections -fdata-sections -ffreestanding -fno-move-loop-invariants -Wall -Wextra  -g3 -DDEBUG -DUSE_FULL_ASSERT -DTRACE -DOS_USE_TRACE_SEMIHOSTING_DEBUG -DSTM32F10X_MD -DUSE_STDPERIPH_DRIVER -DHSE_VALUE=8000000 -I"../include" -I"../system/include" -I"../system/include/cmsis" -I"../system/include/stm32f1-stdperiph" -std=gnu11 -MMD -MP -MF"src/USART1_program.d" -MT"src/USART1_program.o" -c -o "src/USART1_program.o" "../src/USART1_program.c"
Finished building: ../src/USART1_program.c
 
Building target: USART1_Test.elf
Invoking: Cross ARM GNU C++ Linker
arm-none-eabi-g++ -mcpu=cortex-m3 -mthumb -Og -fmessage-length=0 -fsigned-char -ffunction-sections -fdata-sections -ffreestanding -fno-move-loop-invariants -Wall -Wextra  -g3 -T mem.ld -T libs.ld -T sections.ld -nostartfiles -Xlinker --gc-sections -L"../ldscripts" -Wl,-Map,"USART1_Test.map" --specs=nano.specs -o "USART1_Test.elf"  ./system/src/stm32f1-stdperiph/misc.o ./system/src/stm32f1-stdperiph/stm32f10x_gpio.o ./system/src/stm32f1-stdperiph/stm32f10x_rcc.o  ./system/src/newlib/_cxx.o ./system/src/newlib/_exit.o ./system/src/newlib/_sbrk.o ./system/src/newlib/_startup.o ./system/src/newlib/_syscalls.o ./system/src/newlib/assert.o  ./system/src/diag/Trace.o ./system/src/diag/trace_impl.o  ./system/src/cortexm/_initialize_hardware.o ./system/src/cortexm/_reset_hardware.o ./system/src/cortexm/exception_handlers.o  ./system/src/cmsis/system_stm32f10x.o ./system/src/cmsis/vectors_stm32f10x.o  ./src/GPIO_program.o ./src/RCC_program.o ./src/SYSTICK_program.o ./src/USART1_program.o ./src/main.o   
Finished building target: USART1_Test.elf
 
Invoking: Cross ARM GNU Create Flash Image
arm-none-eabi-objcopy -O ihex "USART1_Test.elf"  "USART1_Test.hex"
Finished building: USART1_Test.hex
 
Invoking: Cross ARM GNU Print Size
arm-none-eabi-size --format=berkeley "USART1_Test.elf"
   text	   data	    bss	    dec	    hex	filename
   5315	    176	    524	   6015	   177f	USART1_Test.elf
Finished building: USART1_Test.siz
 

15:19:28 Build Finished (took 2s.28ms)

